exports[`keyContainer getValue throws error if the key is not supported 1`] = `"The key \"klsdlkjd\" is not supported"`;
